- grouping-examples
   ,, (nat > nat > nat*nat > nat)
   ,, (3 , 4 , 5)
   ,, [3 4 5]
   ,, 3,4,5

- infix-examples
   - (sum | f.map | 3~4~5)

- three1
   - ADD|2|1

- f12|a4|x5
   - f2 f12|a4
   - _6 f2|x5
   + x5 a4 6

- [g13 a4 x7]
   - a4 x7

@ f f2
@ g g3
@ a a4
   = f2 f12|a4
   = g3 g13|a4
   = a4
      - _8 f2|0
      - _9 g3|0
      + _8 _9
